Building a complete .NET Core solution on Windows, using Visual Studio 2017

https://docs.microsoft.com/en-us/dotnet/core/tutorials/using-on-windows-full-solution

this demo show that a complete .NET Core solution need include:
1¡¢Class Library
2¡¢Unit Test Project
3¡¢APP (Console App or ASP.NET Core Web)